{
  "config" : {
    "contest" : "Portland 2015 Mayoral Race",
    "date" : "2015-11-03",
    "jurisdiction" : "Portland, ME",
    "office" : "Mayor",
    "threshold" : "10"
  },
  "results" : [ {
    "round" : 1,
    "tally" : {
      "Carmona, Ralph C." : "5",
      "Haadoow, Hamza A." : "3",
      "Vail, Christopher L." : "10"
    },
    "tallyResults" : [ {
      "elected": "Vail, Christopher L.",
      "transfers": {}
    } ]
  }, {
    "round" : 2,
    "tally" : {
      "Carmona, Ralph C." : "5",
      "Haadoow, Hamza A." : "3",
      "Vail, Christopher L." : "10"
    },
    "tallyResults" : [ {
      "eliminated" : "Haadoow, Hamza A.",
      "transfers" : {
        "Vail, Christopher L." : "3"
      }
    } ]
  }, {
    "round" : 3,
    "tally" : {
      "Carmona, Ralph C." : "5",
      "Vail, Christopher L." : "13"
    },
    "tallyResults" : [ ]
  } ]
}
