{
  "config" : {
    "contest" : "Portland 2015 Mayoral Race",
    "date" : "2015-11-03",
    "jurisdiction" : "Portland, ME",
    "office" : "Mayor",
    "threshold" : "17"
  },
  "results" : [ {
    "round" : 1,
    "tally" : {
      "Bragdon, Charles E." : "11",
      "Brennan, Michael F." : "6",
      "Bryant, Peter G." : "9",
      "Carmona, Ralph C." : "12",
      "Dodge, Richard A." : "10",
      "Duson, Jill C." : "5",
      "Eder, John M." : "3",
      "Haadoow, Hamza A." : "8",
      "Lapchick, Jodie L." : "7",
      "Marshall, David A." : "2",
      "Mavodones, Nicholas M. Jr." : "13",
      "Miller, Markos S." : "3",
      "Rathband, Jed" : "2",
      "Strimling, Ethan K." : "1",
      "Undeclared" : "0",
      "Vail, Christopher L." : "6"
    },
    "tallyResults" : [ {
      "eliminated" : "Undeclared",
      "transfers" : { }
    } ]
  }, {
    "round" : 2,
    "tally" : {
      "Bragdon, Charles E." : "11",
      "Brennan, Michael F." : "6",
      "Bryant, Peter G." : "9",
      "Carmona, Ralph C." : "12",
      "Dodge, Richard A." : "10",
      "Duson, Jill C." : "5",
      "Eder, John M." : "3",
      "Haadoow, Hamza A." : "8",
      "Lapchick, Jodie L." : "7",
      "Marshall, David A." : "2",
      "Mavodones, Nicholas M. Jr." : "13",
      "Miller, Markos S." : "3",
      "Rathband, Jed" : "2",
      "Strimling, Ethan K." : "1",
      "Vail, Christopher L." : "6"
    },
    "tallyResults" : [ {
      "eliminated" : "Strimling, Ethan K.",
      "transfers" : {
        "Vail, Christopher L." : "1"
      }
    } ]
  }, {
    "round" : 3,
    "tally" : {
      "Bragdon, Charles E." : "11",
      "Brennan, Michael F." : "6",
      "Bryant, Peter G." : "9",
      "Carmona, Ralph C." : "12",
      "Dodge, Richard A." : "10",
      "Duson, Jill C." : "5",
      "Eder, John M." : "3",
      "Haadoow, Hamza A." : "8",
      "Lapchick, Jodie L." : "7",
      "Marshall, David A." : "2",
      "Mavodones, Nicholas M. Jr." : "13",
      "Miller, Markos S." : "3",
      "Rathband, Jed" : "2",
      "Vail, Christopher L." : "7"
    },
    "tallyResults" : [ {
      "eliminated" : "Rathband, Jed",
      "transfers" : {
        "Mavodones, Nicholas M. Jr." : "2"
      }
    } ]
  }, {
    "round" : 4,
    "tally" : {
      "Bragdon, Charles E." : "11",
      "Brennan, Michael F." : "6",
      "Bryant, Peter G." : "9",
      "Carmona, Ralph C." : "12",
      "Dodge, Richard A." : "10",
      "Duson, Jill C." : "5",
      "Eder, John M." : "3",
      "Haadoow, Hamza A." : "8",
      "Lapchick, Jodie L." : "7",
      "Marshall, David A." : "2",
      "Mavodones, Nicholas M. Jr." : "15",
      "Miller, Markos S." : "3",
      "Vail, Christopher L." : "7"
    },
    "tallyResults" : [ {
      "eliminated" : "Marshall, David A.",
      "transfers" : {
        "Miller, Markos S." : "2"
      }
    } ]
  }, {
    "round" : 5,
    "tally" : {
      "Bragdon, Charles E." : "11",
      "Brennan, Michael F." : "6",
      "Bryant, Peter G." : "9",
      "Carmona, Ralph C." : "12",
      "Dodge, Richard A." : "10",
      "Duson, Jill C." : "5",
      "Eder, John M." : "3",
      "Haadoow, Hamza A." : "8",
      "Lapchick, Jodie L." : "7",
      "Mavodones, Nicholas M. Jr." : "15",
      "Miller, Markos S." : "5",
      "Vail, Christopher L." : "7"
    },
    "tallyResults" : [ {
      "eliminated" : "Eder, John M.",
      "transfers" : {
        "Duson, Jill C." : "3"
      }
    } ]
  }, {
    "round" : 6,
    "tally" : {
      "Bragdon, Charles E." : "11",
      "Brennan, Michael F." : "6",
      "Bryant, Peter G." : "9",
      "Carmona, Ralph C." : "12",
      "Dodge, Richard A." : "10",
      "Duson, Jill C." : "8",
      "Haadoow, Hamza A." : "8",
      "Lapchick, Jodie L." : "7",
      "Mavodones, Nicholas M. Jr." : "15",
      "Miller, Markos S." : "5",
      "Vail, Christopher L." : "7"
    },
    "tallyResults" : [ {
      "eliminated" : "Miller, Markos S.",
      "transfers" : {
        "Mavodones, Nicholas M. Jr." : "5"
      }
    } ]
  }, {
    "round" : 7,
    "tally" : {
      "Bragdon, Charles E." : "11",
      "Brennan, Michael F." : "6",
      "Bryant, Peter G." : "9",
      "Carmona, Ralph C." : "12",
      "Dodge, Richard A." : "10",
      "Duson, Jill C." : "8",
      "Haadoow, Hamza A." : "8",
      "Lapchick, Jodie L." : "7",
      "Mavodones, Nicholas M. Jr." : "20",
      "Vail, Christopher L." : "7"
    },
    "tallyResults" : [ {
      "elected" : "Mavodones, Nicholas M. Jr.",
      "transfers" : {
        "Duson, Jill C." : "0.30000",
        "Haadoow, Hamza A." : "0.75000",
        "Lapchick, Jodie L." : "0.90000",
        "exhausted" : "1.05000"
      }
    } ]
  }, {
    "round" : 8,
    "tally" : {
      "Bragdon, Charles E." : "11",
      "Brennan, Michael F." : "6",
      "Bryant, Peter G." : "9",
      "Carmona, Ralph C." : "12",
      "Dodge, Richard A." : "10",
      "Duson, Jill C." : "8.30000",
      "Haadoow, Hamza A." : "8.75000",
      "Lapchick, Jodie L." : "7.90000",
      "Mavodones, Nicholas M. Jr." : "17.00000",
      "Vail, Christopher L." : "7"
    },
    "tallyResults" : [ {
      "eliminated" : "Brennan, Michael F.",
      "transfers" : {
        "Bragdon, Charles E." : "3",
        "Bryant, Peter G." : "2",
        "Carmona, Ralph C." : "1"
      }
    } ]
  }, {
    "round" : 9,
    "tally" : {
      "Bragdon, Charles E." : "14",
      "Bryant, Peter G." : "11",
      "Carmona, Ralph C." : "13",
      "Dodge, Richard A." : "10",
      "Duson, Jill C." : "8.30000",
      "Haadoow, Hamza A." : "8.75000",
      "Lapchick, Jodie L." : "7.90000",
      "Mavodones, Nicholas M. Jr." : "17.00000",
      "Vail, Christopher L." : "7"
    },
    "tallyResults" : [ {
      "eliminated" : "Vail, Christopher L.",
      "transfers" : {
        "Lapchick, Jodie L." : "2",
        "exhausted" : "5"
      }
    } ]
  }, {
    "round" : 10,
    "tally" : {
      "Bragdon, Charles E." : "14",
      "Bryant, Peter G." : "11",
      "Carmona, Ralph C." : "13",
      "Dodge, Richard A." : "10",
      "Duson, Jill C." : "8.30000",
      "Haadoow, Hamza A." : "8.75000",
      "Lapchick, Jodie L." : "9.90000",
      "Mavodones, Nicholas M. Jr." : "17.00000"
    },
    "tallyResults" : [ {
      "eliminated" : "Duson, Jill C.",
      "transfers" : {
        "Bryant, Peter G." : "1",
        "Carmona, Ralph C." : "0.30000",
        "Dodge, Richard A." : "7"
      }
    } ]
  }, {
    "round" : 11,
    "tally" : {
      "Bragdon, Charles E." : "14",
      "Bryant, Peter G." : "12",
      "Carmona, Ralph C." : "13.30000",
      "Dodge, Richard A." : "17",
      "Haadoow, Hamza A." : "8.75000",
      "Lapchick, Jodie L." : "9.90000",
      "Mavodones, Nicholas M. Jr." : "17.00000"
    },
    "tallyResults" : [ {
      "elected" : "Dodge, Richard A.",
      "transfers" : {
        "Bryant, Peter G." : "0.00000",
        "Carmona, Ralph C." : "0.00000",
        "Lapchick, Jodie L." : "0.00000"
      }
    } ]
  }, {
    "round" : 12,
    "tally" : {
      "Bragdon, Charles E." : "14",
      "Bryant, Peter G." : "12.00000",
      "Carmona, Ralph C." : "13.30000",
      "Dodge, Richard A." : "17.00000",
      "Haadoow, Hamza A." : "8.75000",
      "Lapchick, Jodie L." : "9.90000",
      "Mavodones, Nicholas M. Jr." : "17.00000"
    },
    "tallyResults" : [ {
      "eliminated" : "Haadoow, Hamza A.",
      "transfers" : {
        "Bryant, Peter G." : "5.15000",
        "Carmona, Ralph C." : "3.15000",
        "exhausted" : "0.45000"
      }
    } ]
  }, {
    "round" : 13,
    "tally" : {
      "Bragdon, Charles E." : "14",
      "Bryant, Peter G." : "17.15000",
      "Carmona, Ralph C." : "16.45000",
      "Dodge, Richard A." : "17.00000",
      "Lapchick, Jodie L." : "9.90000",
      "Mavodones, Nicholas M. Jr." : "17.00000"
    },
    "tallyResults" : [ {
      "elected" : "Bryant, Peter G.",
      "transfers" : {
        "Bragdon, Charles E." : "0.08750",
        "Carmona, Ralph C." : "0.01750",
        "Lapchick, Jodie L." : "0.04375",
        "exhausted" : "0.00131"
      }
    } ]
  }, {
    "round" : 14,
    "tally" : {
      "Bragdon, Charles E." : "14.08750",
      "Bryant, Peter G." : "16.99994",
      "Carmona, Ralph C." : "16.46750",
      "Dodge, Richard A." : "17.00000",
      "Lapchick, Jodie L." : "9.94375",
      "Mavodones, Nicholas M. Jr." : "17.00000"
    },
    "tallyResults" : [ {
      "eliminated" : "Lapchick, Jodie L.",
      "transfers" : {
        "Bragdon, Charles E." : "1.04375",
        "Carmona, Ralph C." : "8.90000"
      }
    } ]
  }, {
    "round" : 15,
    "tally" : {
      "Bragdon, Charles E." : "15.13125",
      "Bryant, Peter G." : "16.99994",
      "Carmona, Ralph C." : "25.36750",
      "Dodge, Richard A." : "17.00000",
      "Mavodones, Nicholas M. Jr." : "17.00000"
    },
    "tallyResults" : [ {
      "elected" : "Carmona, Ralph C.",
      "transfers" : {
        "exhausted" : "8.36750"
      }
    }, {
      "elected" : "Bragdon, Charles E.",
      "transfers" : {
        "exhausted" : "0.00000"
      }
    } ]
  }, {
    "round" : 16,
    "tally" : {
      "Bragdon, Charles E." : "15.13125",
      "Bryant, Peter G." : "16.99994",
      "Carmona, Ralph C." : "17.00000",
      "Dodge, Richard A." : "17.00000",
      "Mavodones, Nicholas M. Jr." : "17.00000"
    },
    "tallyResults" : [ ]
  } ]
}