{
  "config": {
    "contest": "2013 Minneapolis Park Board",
    "date": "",
    "jurisdiction": "Minneapolis",
    "office": "Park and Recreation Commissioner",
    "threshold": "14866"
  },
  "results": [
    {
      "round": 1,
      "tally": {
        "ANNIE YOUNG": "9294",
        "CASPER HILL": "1280",
        "HASHIM YONIS": "3762",
        "ISHMAEL ISRAEL": "3305",
        "JASON STONE": "5357",
        "JOHN ERWIN": "14678",
        "MARY LYNN MCPHERSON": "3373",
        "MEG FORNEY": "7856",
        "STEVE BARLAND": "3705",
        "TOM NORDYKE": "6511",
        "Undeclared": "342"
    },
      "tallyResults": [
        {
          "eliminated": "Undeclared",
          "transfers": {
            "ANNIE YOUNG": "8",
            "CASPER HILL": "4",
            "HASHIM YONIS": "5",
            "ISHMAEL ISRAEL": "5",
            "JASON STONE": "7",
            "JOHN ERWIN": "6",
            "MARY LYNN MCPHERSON": "5",
            "MEG FORNEY": "8",
            "STEVE BARLAND": "2",
            "TOM NORDYKE": "3",
            "exhausted": "289"
      }
    } ]
  }, {
      "round": 2,
      "tally": {
        "ANNIE YOUNG": "9302",
        "CASPER HILL": "1284",
        "HASHIM YONIS": "3767",
        "ISHMAEL ISRAEL": "3310",
        "JASON STONE": "5364",
        "JOHN ERWIN": "14684",
        "MARY LYNN MCPHERSON": "3378",
        "MEG FORNEY": "7864",
        "STEVE BARLAND": "3707",
        "TOM NORDYKE": "6514"
    },
      "tallyResults": [
        {
          "eliminated": "CASPER HILL",
          "transfers": {
            "ANNIE YOUNG": "150",
            "HASHIM YONIS": "32",
            "ISHMAEL ISRAEL": "64",
            "JASON STONE": "113",
            "JOHN ERWIN": "182",
            "MARY LYNN MCPHERSON": "101",
            "MEG FORNEY": "167",
            "STEVE BARLAND": "96",
            "TOM NORDYKE": "81",
            "exhausted": "298"
      }
    } ]
  }, {
      "round": 3,
      "tally": {
        "ANNIE YOUNG": "9452",
        "HASHIM YONIS": "3799",
        "ISHMAEL ISRAEL": "3374",
        "JASON STONE": "5477",
        "JOHN ERWIN": "14866",
        "MARY LYNN MCPHERSON": "3479",
        "MEG FORNEY": "8031",
        "STEVE BARLAND": "3803",
        "TOM NORDYKE": "6595"
    },
      "tallyResults": [
        {
          "elected": "JOHN ERWIN",
          "transfers": {
            "ANNIE YOUNG": "0.0000",
            "HASHIM YONIS": "0.0000",
            "ISHMAEL ISRAEL": "0.0000",
            "JASON STONE": "0.0000",
            "MARY LYNN MCPHERSON": "0.0000",
            "MEG FORNEY": "0.0000",
            "STEVE BARLAND": "0.0000",
            "TOM NORDYKE": "0.0000",
            "exhausted": "0.0000"
      }
    } ]
  }, {
      "round": 4,
      "tally": {
        "ANNIE YOUNG": "9452.0000",
        "HASHIM YONIS": "3799.0000",
        "ISHMAEL ISRAEL": "3374.0000",
        "JASON STONE": "5477.0000",
        "JOHN ERWIN": "14866.0000",
        "MARY LYNN MCPHERSON": "3479.0000",
        "MEG FORNEY": "8031.0000",
        "STEVE BARLAND": "3803.0000",
        "TOM NORDYKE": "6595.0000"
    },
      "tallyResults": [
        {
          "eliminated": "ISHMAEL ISRAEL",
          "transfers": {
            "ANNIE YOUNG": "603.0000",
            "HASHIM YONIS": "547.0000",
            "JASON STONE": "342.0000",
            "MARY LYNN MCPHERSON": "215.0000",
            "MEG FORNEY": "390.0000",
            "STEVE BARLAND": "98.0000",
            "TOM NORDYKE": "164.0000",
            "exhausted": "1015.0000"
      }
    } ]
  }, {
      "round": 5,
      "tally": {
        "ANNIE YOUNG": "10055.0000",
        "HASHIM YONIS": "4346.0000",
        "JASON STONE": "5819.0000",
        "JOHN ERWIN": "14866.0000",
        "MARY LYNN MCPHERSON": "3694.0000",
        "MEG FORNEY": "8421.0000",
        "STEVE BARLAND": "3901.0000",
        "TOM NORDYKE": "6759.0000"
    },
      "tallyResults": [
        {
          "eliminated": "MARY LYNN MCPHERSON",
          "transfers": {
            "ANNIE YOUNG": "999.0000",
            "HASHIM YONIS": "144.0000",
            "JASON STONE": "278.0000",
            "MEG FORNEY": "738.0000",
            "STEVE BARLAND": "212.0000",
            "TOM NORDYKE": "242.0000",
            "exhausted": "1081.0000"
      }
    } ]
  }, {
      "round": 6,
      "tally": {
        "ANNIE YOUNG": "11054.0000",
        "HASHIM YONIS": "4490.0000",
        "JASON STONE": "6097.0000",
        "JOHN ERWIN": "14866.0000",
        "MEG FORNEY": "9159.0000",
        "STEVE BARLAND": "4113.0000",
        "TOM NORDYKE": "7001.0000"
    },
      "tallyResults": [
        {
          "eliminated": "STEVE BARLAND",
          "transfers": {
            "ANNIE YOUNG": "471.0000",
            "HASHIM YONIS": "81.0000",
            "JASON STONE": "452.0000",
            "MEG FORNEY": "670.0000",
            "TOM NORDYKE": "534.0000",
            "exhausted": "1905.0000"
      }
    } ]
  }, {
      "round": 7,
      "tally": {
        "ANNIE YOUNG": "11525.0000",
        "HASHIM YONIS": "4571.0000",
        "JASON STONE": "6549.0000",
        "JOHN ERWIN": "14866.0000",
        "MEG FORNEY": "9829.0000",
        "TOM NORDYKE": "7535.0000"
    },
      "tallyResults": [
        {
          "eliminated": "HASHIM YONIS",
          "transfers": {
            "ANNIE YOUNG": "502.0000",
            "JASON STONE": "192.0000",
            "MEG FORNEY": "327.0000",
            "TOM NORDYKE": "153.0000",
            "exhausted": "3397.0000"
      }
    } ]
  }, {
      "round": 8,
      "tally": {
        "ANNIE YOUNG": "12027.0000",
        "JASON STONE": "6741.0000",
        "JOHN ERWIN": "14866.0000",
        "MEG FORNEY": "10156.0000",
        "TOM NORDYKE": "7688.0000"
    },
      "tallyResults": [
        {
          "eliminated": "JASON STONE",
          "transfers": {
            "ANNIE YOUNG": "1859.0000",
            "MEG FORNEY": "809.0000",
            "TOM NORDYKE": "1013.0000",
            "exhausted": "3060.0000"
      }
    } ]
  }, {
      "round": 9,
      "tally": {
        "ANNIE YOUNG": "13886.0000",
        "JOHN ERWIN": "14866.0000",
        "MEG FORNEY": "10965.0000",
        "TOM NORDYKE": "8701.0000"
    },
      "tallyResults": [
        {
          "eliminated": "TOM NORDYKE",
          "transfers": {
            "ANNIE YOUNG": "1158.0000",
            "MEG FORNEY": "1280.0000",
            "exhausted": "6263.0000"
      }
    } ]
  }, {
      "round": 10,
      "tally": {
        "ANNIE YOUNG": "15044.0000",
        "JOHN ERWIN": "14866.0000",
        "MEG FORNEY": "12245.0000"
    },
      "tallyResults": [
        {
          "elected": "ANNIE YOUNG",
          "transfers": {
            "exhausted": "177.5192"
      }
    }, {
          "elected": "MEG FORNEY",
          "transfers": {
            "exhausted": "0.0000"
      }
    } ]
  }, {
      "round": 11,
      "tally": {
      "ANNIE YOUNG": "14866",
        "JOHN ERWIN": "14866.0000",
        "MEG FORNEY": "12245.0000"
    },
      "tallyResults": []
  } ]
}
