{
  "config" : {
    "contest" : "Test Set 3",
    "date" : "2019-03-06",
    "jurisdiction" : "TestSets_Single_winner",
    "office" : "Exhaust skipped",
    "threshold" : "7"
  },
  "results" : [ {
    "round" : 1,
    "tally" : {
      "A" : "5",
      "B" : "6",
      "C" : "2",
      "D" : "1"
    },
    "tallyResults" : [ {
      "eliminated" : "D",
      "transfers" : {
        "C" : "1"
      }
    } ]
  }, {
    "round" : 2,
    "tally" : {
      "A" : "5",
      "B" : "6",
      "C" : "3"
    },
    "tallyResults" : [ {
      "eliminated" : "C",
      "transfers" : {
        "A" : "1",
        "B" : "1",
        "exhausted" : "1"
      }
    } ]
  }, {
    "round" : 3,
    "tally" : {
      "A" : "6",
      "B" : "7"
    },
    "tallyResults" : [ {
      "elected" : "B",
      "transfers" : { }
    } ]
  } ]
}